---
source: errors.rs
expression: "WireError::arbitrary(&mut g)"

---
{"1":"Â€","2":2786141136387072907}
