---
source: land.rs
expression: "WirePushVar::arbitrary(&mut g)"

---
{"0":"Â€","1":"*"}
