---
source: commit.rs
expression: "WireCommitHashToLocationResponse::arbitrary(&mut g)"

---
{"1":[229,136,231,250,132,19,212,76,218,174,127,211,79,1,180,239,159,71,129,237],"2":null,"3":{"Err":{"1":"CJ","2":7029319930420779671}}}
