---
source: clone.rs
expression: "WireCloneData::arbitrary(&mut g)"

---
{"2":[{"1":36743375673609724,"2":71043311915945823,"3":[]}],"3":[{"1":14305095328862796,"2":[186,230,81,160,133,254,52,10,95,232,130,59,15,255,112,185,80,58,100,255]},{"1":82409308550286596,"2":[76,218,174,127,211,79,1,180,239,159,71,129,237,47,133,207,59,183,155,157]},{"1":85499891468038920,"2":[51,90,83,215,163,208,194,73,31,251,99,255,236,0,239,140,183,249,132,1]},{"1":138099029374108660,"2":[4,46,38,85,25,36,58,55,101,239,1,100,81,21,29,1,4,212,7,211]}]}
