---
source: tree.rs
expression: "WireTreeEntry::arbitrary(&mut g)"

---
{"0":{"1":[0,155,19,212,76,218,174,127,211,79,1,180,239,159,71,129,237,47,133,207]},"1":[136]}
