---
source: batch.rs
expression: "WireHgIdBatch::arbitrary(&mut g)"

---
{"1":[[136,231,250,132,19,212,76,218,174,127,211,79,1,180,239,159,71,129,237,47]]}
