---
source: tree.rs
expression: "WireTreeRequest::arbitrary(&mut g)"

---
{"0":"0"}
