---
source: bookmark.rs
expression: "WireSetBookmarkRequest::arbitrary(&mut g)"

---
{"0":"","2":[77,0,155,19,212,76,218,174,127,211,79,1,180,239,159,71,129,237,47,133],"4":[{"0":"@\no","1":"¨𝅳"},{"0":"mn󾔂=","1":"i%90"}]}
