---
source: commit.rs
expression: "WireCommitLocationToHashRequest::arbitrary(&mut g)"

---
{"1":{"1":[229,136,231,250,132,19,212,76,218,174,127,211,79,1,180,239,159,71,129,237],"2":8081040131198311686},"2":7086256258625245304}
