---
source: commit.rs
expression: "WireCommitLocationToHashResponse::arbitrary(&mut g)"

---
{"1":{"1":[229,136,231,250,132,19,212,76,218,174,127,211,79,1,180,239,159,71,129,237],"2":8081040131198311686},"2":7086256258625245304,"3":[[59,183,155,157,133,85,4,46,38,85,25,36,58,55,101,239,1,100,81,21],[29,1,4,212,7,211,178,104,186,230,81,160,133,254,52,10,95,232,130,59]]}
