---
source: bookmark.rs
expression: "WireBookmarkRequest::arbitrary(&mut g)"

---
{"0":["8"]}
