---
source: commit.rs
expression: "WireUploadHgChangesetsRequest::arbitrary(&mut g)"

---
{"1":[{"1":[136,231,250,132,19,212,76,218,174,127,211,79,1,180,239,159,71,129,237,47],"2":{"1":{"2":[207,59,183,155,157,133,85,4,46,38,85,25,36,58,55,101,239,1,100,81]},"2":[21,29,1,4,212,7,211,178,104,186,230,81,160,133,254,52,10,95,232,130],"3":[15,255],"4":-1785686663914362991,"5":-1124888135,"6":[{"1":[58,100,255]},{"1":[178,51,90,83],"2":[163,208,194]}],"7":["ag/xa/yokrb/ab",""],"8":[202,255,205,104]}}]}
