---
source: commit.rs
expression: "WireCommitGraphRequest::arbitrary(&mut g)"

---
{"1":[[136,231,250,132,19,212,76,218,174,127,211,79,1,180,239,159,71,129,237,47]],"2":[[59,183,155,157,133,85,4,46,38,85,25,36,58,55,101,239,1,100,81,21],[29,1,4,212,7,211,178,104,186,230,81,160,133,254,52,10,95,232,130,59]]}
