---
source: mod.rs
expression: "WireRepoPathBuf::arbitrary(&mut g)"

---
"jaiffe/nuat/fk/ejkleav/rc/ohh"
