---
source: file.rs
expression: "WireFileEntry::arbitrary(&mut g)"

---
{"0":{"0":"iffeun/atbfkhe/kleavor","1":[157,133,85,4,46,38,85,25,36,58,55,101,239,1,100,81,21,29,1,4]},"1":[136],"3":{"1":13000796820593365081}}
