---
source: mod.rs
expression: "WireParents::arbitrary(&mut g)"

---
"1"
