---
source: bookmark.rs
expression: "WireBookmarkEntry::arbitrary(&mut g)"

---
{"1":"Â€"}
