---
source: land.rs
expression: "WireLandStackRequest::arbitrary(&mut g)"

---
{"0":"Â€","1":[154,77,0,155,19,212,76,218,174,127,211,79,1,180,239,159,71,129,237,47],"2":[133,207,59,183,155,157,133,85,4,46,38,85,25,36,58,55,101,239,1,100],"4":[{"0":"<-ÂŠ|","1":"}\u001bðž‚¤"},{"0":"1","1":"ó©±¾x"},{"0":"{{ó¶š¨"}]}
